--- Testing Wishlist API with Fresh User & CSRF ---
Initializing CSRF...
CSRF Token Initialized: SUCCESS
Registering new user: testuser_1771226462982@example.com
User registered and logged in successfully
Fetching products...
Using Listing ID: 65cf1234bcf86cd799439309, Product ID: 65cf1234bcf86cd799439209
Adding to wishlist...
node : Test Failed: 
Request failed with 
status code 401
At line:1 char:1
+ node 
verify_wishlist.js > 
test_output.txt 2>&1
+ ~~~~~~~~~~~~~~~~~~~
~~~~~~~~~~~~~~~~~~~~~
~~~~~~
    + CategoryInfo   
           : NotSpe  
  cified: (Test Fa   
 iled: Re...statu    
s code 401:Strin    
g) [], RemoteExc    
eption
    + FullyQualified 
   ErrorId : Native  
  CommandError
 
Status: 401
Data: {
  "status": "fail",
  "message": "\u001b[31mInvalid token\u001b[39m",
  "stack": "Error: \u001b[31mInvalid token\u001b[39m\n    at D:\\Manish\\handicraftMarketPlaceV2\\handicreaftmarketplacev2_backend\\src\\middlewares\\auth.middleware.ts:36:21\n    at Generator.next (<anonymous>)\n    at D:\\Manish\\handicraftMarketPlaceV2\\handicreaftmarketplacev2_backend\\src\\middlewares\\auth.middleware.ts:8:71\n    at new Promise (<anonymous>)\n    at __awaiter (D:\\Manish\\handicraftMarketPlaceV2\\handicreaftmarketplacev2_backend\\src\\middlewares\\auth.middleware.ts:4:12)\n    at protect (D:\\Manish\\handicraftMarketPlaceV2\\handicreaftmarketplacev2_backend\\src\\middlewares\\auth.middleware.ts:15:82)\n    at Layer.handleRequest (D:\\Manish\\handicraftMarketPlaceV2\\handicreaftmarketplacev2_backend\\node_modules\\router\\lib\\layer.js:152:17)\n    at trimPrefix (D:\\Manish\\handicraftMarketPlaceV2\\handicreaftmarketplacev2_backend\\node_modules\\router\\index.js:342:13)\n    at D:\\Manish\\handicraftMarketPlaceV2\\handicreaftmarketplacev2_backend\\node_modules\\router\\index.js:297:9\n    at processParams (D:\\Manish\\handicraftMarketPlaceV2\\handicreaftmarketplacev2_backend\\node_modules\\router\\index.js:582:12)"
}
